
> stock-api@0.0.1 test:e2e
> jest --config ./test/jest-e2e.json

  console.log
    Interceptor hit!

      at ResponseInterceptor.intercept (../src/common/interceptors/response.interceptor.ts:27:13)

  console.log
    Interceptor hit!

      at ResponseInterceptor.intercept (../src/common/interceptors/response.interceptor.ts:27:13)

  console.log
    Exception Filter hit: ConflictException: Email already registered
        at AuthService.register (D:\internship\DOT\challenge\stock-api\src\modules\auth\auth.service.ts:24:13)
        at processTicksAndRejections (node:internal/process/task_queues:103:5) {
      response: {
        message: 'Email already registered',
        error: 'Conflict',
        statusCode: 409
      },
      status: 409,
      options: {}
    }

      at HttpExceptionFilter.catch (../src/common/filters/http-exception.filter.ts:14:13)

  console.log
    Interceptor hit!

      at ResponseInterceptor.intercept (../src/common/interceptors/response.interceptor.ts:27:13)

  console.log
    Interceptor hit!

      at ResponseInterceptor.intercept (../src/common/interceptors/response.interceptor.ts:27:13)

  console.log
    Exception Filter hit: UnauthorizedException: Invalid credentials
        at AuthService.login (D:\internship\DOT\challenge\stock-api\src\modules\auth\auth.service.ts:66:13) {
      response: {
        message: 'Invalid credentials',
        error: 'Unauthorized',
        statusCode: 401
      },
      status: 401,
      options: {}
    }

      at HttpExceptionFilter.catch (../src/common/filters/http-exception.filter.ts:14:13)

  console.log
    Exception Filter hit: UnauthorizedException: Unauthorized
        at JwtAuthGuard.handleRequest (D:\internship\DOT\challenge\stock-api\node_modules\@nestjs\passport\dist\auth.guard.js:60:30)
        at D:\internship\DOT\challenge\stock-api\node_modules\@nestjs\passport\dist\auth.guard.js:44:124
        at D:\internship\DOT\challenge\stock-api\node_modules\@nestjs\passport\dist\auth.guard.js:83:24
        at allFailed (D:\internship\DOT\challenge\stock-api\node_modules\passport\lib\middleware\authenticate.js:110:18)
        at attempt (D:\internship\DOT\challenge\stock-api\node_modules\passport\lib\middleware\authenticate.js:183:28)
        at JwtStrategy.strategy.fail (D:\internship\DOT\challenge\stock-api\node_modules\passport\lib\middleware\authenticate.js:314:9)
        at D:\internship\DOT\challenge\stock-api\node_modules\passport-jwt\lib\strategy.js:106:33
        at Object.module.exports [as verify] (D:\internship\DOT\challenge\stock-api\node_modules\jsonwebtoken\verify.js:70:12)
        at JwtStrategy.module.exports [as JwtVerifier] (D:\internship\DOT\challenge\stock-api\node_modules\passport-jwt\lib\verify_jwt.js:4:16)
        at D:\internship\DOT\challenge\stock-api\node_modules\passport-jwt\lib\strategy.js:104:25
        at JwtStrategy._secretOrKeyProvider (D:\internship\DOT\challenge\stock-api\node_modules\passport-jwt\lib\strategy.js:40:13)
        at JwtStrategy.authenticate (D:\internship\DOT\challenge\stock-api\node_modules\passport-jwt\lib\strategy.js:99:10)
        at attempt (D:\internship\DOT\challenge\stock-api\node_modules\passport\lib\middleware\authenticate.js:378:16)
        at authenticate (D:\internship\DOT\challenge\stock-api\node_modules\passport\lib\middleware\authenticate.js:379:7)
        at D:\internship\DOT\challenge\stock-api\node_modules\@nestjs\passport\dist\auth.guard.js:88:3
        at new Promise (<anonymous>)
        at D:\internship\DOT\challenge\stock-api\node_modules\@nestjs\passport\dist\auth.guard.js:80:83
        at JwtAuthGuard.canActivate (D:\internship\DOT\challenge\stock-api\node_modules\@nestjs\passport\dist\auth.guard.js:44:32)
        at processTicksAndRejections (node:internal/process/task_queues:103:5) {
      response: { message: 'Unauthorized', statusCode: 401 },
      status: 401,
      options: {}
    }

      at HttpExceptionFilter.catch (../src/common/filters/http-exception.filter.ts:14:13)

  console.log
    Exception Filter hit: UnauthorizedException: Unauthorized
        at JwtAuthGuard.handleRequest (D:\internship\DOT\challenge\stock-api\node_modules\@nestjs\passport\dist\auth.guard.js:60:30)
        at D:\internship\DOT\challenge\stock-api\node_modules\@nestjs\passport\dist\auth.guard.js:44:124
        at D:\internship\DOT\challenge\stock-api\node_modules\@nestjs\passport\dist\auth.guard.js:83:24
        at allFailed (D:\internship\DOT\challenge\stock-api\node_modules\passport\lib\middleware\authenticate.js:110:18)
        at attempt (D:\internship\DOT\challenge\stock-api\node_modules\passport\lib\middleware\authenticate.js:183:28)
        at JwtStrategy.strategy.fail (D:\internship\DOT\challenge\stock-api\node_modules\passport\lib\middleware\authenticate.js:314:9)
        at D:\internship\DOT\challenge\stock-api\node_modules\passport-jwt\lib\strategy.js:106:33
        at Object.module.exports [as verify] (D:\internship\DOT\challenge\stock-api\node_modules\jsonwebtoken\verify.js:70:12)
        at JwtStrategy.module.exports [as JwtVerifier] (D:\internship\DOT\challenge\stock-api\node_modules\passport-jwt\lib\verify_jwt.js:4:16)
        at D:\internship\DOT\challenge\stock-api\node_modules\passport-jwt\lib\strategy.js:104:25
        at JwtStrategy._secretOrKeyProvider (D:\internship\DOT\challenge\stock-api\node_modules\passport-jwt\lib\strategy.js:40:13)
        at JwtStrategy.authenticate (D:\internship\DOT\challenge\stock-api\node_modules\passport-jwt\lib\strategy.js:99:10)
        at attempt (D:\internship\DOT\challenge\stock-api\node_modules\passport\lib\middleware\authenticate.js:378:16)
        at authenticate (D:\internship\DOT\challenge\stock-api\node_modules\passport\lib\middleware\authenticate.js:379:7)
        at D:\internship\DOT\challenge\stock-api\node_modules\@nestjs\passport\dist\auth.guard.js:88:3
        at new Promise (<anonymous>)
        at D:\internship\DOT\challenge\stock-api\node_modules\@nestjs\passport\dist\auth.guard.js:80:83
        at JwtAuthGuard.canActivate (D:\internship\DOT\challenge\stock-api\node_modules\@nestjs\passport\dist\auth.guard.js:44:32)
        at processTicksAndRejections (node:internal/process/task_queues:103:5) {
      response: { message: 'Unauthorized', statusCode: 401 },
      status: 401,
      options: {}
    }

      at HttpExceptionFilter.catch (../src/common/filters/http-exception.filter.ts:14:13)

  console.log
    Exception Filter hit: UnauthorizedException: Unauthorized
        at JwtAuthGuard.handleRequest (D:\internship\DOT\challenge\stock-api\node_modules\@nestjs\passport\dist\auth.guard.js:60:30)
        at D:\internship\DOT\challenge\stock-api\node_modules\@nestjs\passport\dist\auth.guard.js:44:124
        at D:\internship\DOT\challenge\stock-api\node_modules\@nestjs\passport\dist\auth.guard.js:83:24
        at allFailed (D:\internship\DOT\challenge\stock-api\node_modules\passport\lib\middleware\authenticate.js:110:18)
        at attempt (D:\internship\DOT\challenge\stock-api\node_modules\passport\lib\middleware\authenticate.js:183:28)
        at JwtStrategy.strategy.fail (D:\internship\DOT\challenge\stock-api\node_modules\passport\lib\middleware\authenticate.js:314:9)
        at D:\internship\DOT\challenge\stock-api\node_modules\passport-jwt\lib\strategy.js:106:33
        at Object.module.exports [as verify] (D:\internship\DOT\challenge\stock-api\node_modules\jsonwebtoken\verify.js:70:12)
        at JwtStrategy.module.exports [as JwtVerifier] (D:\internship\DOT\challenge\stock-api\node_modules\passport-jwt\lib\verify_jwt.js:4:16)
        at D:\internship\DOT\challenge\stock-api\node_modules\passport-jwt\lib\strategy.js:104:25
        at JwtStrategy._secretOrKeyProvider (D:\internship\DOT\challenge\stock-api\node_modules\passport-jwt\lib\strategy.js:40:13)
        at JwtStrategy.authenticate (D:\internship\DOT\challenge\stock-api\node_modules\passport-jwt\lib\strategy.js:99:10)
        at attempt (D:\internship\DOT\challenge\stock-api\node_modules\passport\lib\middleware\authenticate.js:378:16)
        at authenticate (D:\internship\DOT\challenge\stock-api\node_modules\passport\lib\middleware\authenticate.js:379:7)
        at D:\internship\DOT\challenge\stock-api\node_modules\@nestjs\passport\dist\auth.guard.js:88:3
        at new Promise (<anonymous>)
        at D:\internship\DOT\challenge\stock-api\node_modules\@nestjs\passport\dist\auth.guard.js:80:83
        at JwtAuthGuard.canActivate (D:\internship\DOT\challenge\stock-api\node_modules\@nestjs\passport\dist\auth.guard.js:44:32)
        at processTicksAndRejections (node:internal/process/task_queues:103:5) {
      response: { message: 'Unauthorized', statusCode: 401 },
      status: 401,
      options: {}
    }

      at HttpExceptionFilter.catch (../src/common/filters/http-exception.filter.ts:14:13)

  console.log
    Exception Filter hit: UnauthorizedException: Unauthorized
        at JwtAuthGuard.handleRequest (D:\internship\DOT\challenge\stock-api\node_modules\@nestjs\passport\dist\auth.guard.js:60:30)
        at D:\internship\DOT\challenge\stock-api\node_modules\@nestjs\passport\dist\auth.guard.js:44:124
        at D:\internship\DOT\challenge\stock-api\node_modules\@nestjs\passport\dist\auth.guard.js:83:24
        at allFailed (D:\internship\DOT\challenge\stock-api\node_modules\passport\lib\middleware\authenticate.js:110:18)
        at attempt (D:\internship\DOT\challenge\stock-api\node_modules\passport\lib\middleware\authenticate.js:183:28)
        at JwtStrategy.strategy.fail (D:\internship\DOT\challenge\stock-api\node_modules\passport\lib\middleware\authenticate.js:314:9)
        at JwtStrategy.authenticate (D:\internship\DOT\challenge\stock-api\node_modules\passport-jwt\lib\strategy.js:96:21)
        at attempt (D:\internship\DOT\challenge\stock-api\node_modules\passport\lib\middleware\authenticate.js:378:16)
        at authenticate (D:\internship\DOT\challenge\stock-api\node_modules\passport\lib\middleware\authenticate.js:379:7)
        at D:\internship\DOT\challenge\stock-api\node_modules\@nestjs\passport\dist\auth.guard.js:88:3
        at new Promise (<anonymous>)
        at D:\internship\DOT\challenge\stock-api\node_modules\@nestjs\passport\dist\auth.guard.js:80:83
        at JwtAuthGuard.canActivate (D:\internship\DOT\challenge\stock-api\node_modules\@nestjs\passport\dist\auth.guard.js:44:32)
        at processTicksAndRejections (node:internal/process/task_queues:103:5) {
      response: { message: 'Unauthorized', statusCode: 401 },
      status: 401,
      options: {}
    }

      at HttpExceptionFilter.catch (../src/common/filters/http-exception.filter.ts:14:13)

  console.log
    Exception Filter hit: UnauthorizedException: Unauthorized
        at JwtAuthGuard.handleRequest (D:\internship\DOT\challenge\stock-api\node_modules\@nestjs\passport\dist\auth.guard.js:60:30)
        at D:\internship\DOT\challenge\stock-api\node_modules\@nestjs\passport\dist\auth.guard.js:44:124
        at D:\internship\DOT\challenge\stock-api\node_modules\@nestjs\passport\dist\auth.guard.js:83:24
        at allFailed (D:\internship\DOT\challenge\stock-api\node_modules\passport\lib\middleware\authenticate.js:110:18)
        at attempt (D:\internship\DOT\challenge\stock-api\node_modules\passport\lib\middleware\authenticate.js:183:28)
        at JwtStrategy.strategy.fail (D:\internship\DOT\challenge\stock-api\node_modules\passport\lib\middleware\authenticate.js:314:9)
        at D:\internship\DOT\challenge\stock-api\node_modules\passport-jwt\lib\strategy.js:106:33
        at Object.module.exports [as verify] (D:\internship\DOT\challenge\stock-api\node_modules\jsonwebtoken\verify.js:70:12)
        at JwtStrategy.module.exports [as JwtVerifier] (D:\internship\DOT\challenge\stock-api\node_modules\passport-jwt\lib\verify_jwt.js:4:16)
        at D:\internship\DOT\challenge\stock-api\node_modules\passport-jwt\lib\strategy.js:104:25
        at JwtStrategy._secretOrKeyProvider (D:\internship\DOT\challenge\stock-api\node_modules\passport-jwt\lib\strategy.js:40:13)
        at JwtStrategy.authenticate (D:\internship\DOT\challenge\stock-api\node_modules\passport-jwt\lib\strategy.js:99:10)
        at attempt (D:\internship\DOT\challenge\stock-api\node_modules\passport\lib\middleware\authenticate.js:378:16)
        at authenticate (D:\internship\DOT\challenge\stock-api\node_modules\passport\lib\middleware\authenticate.js:379:7)
        at D:\internship\DOT\challenge\stock-api\node_modules\@nestjs\passport\dist\auth.guard.js:88:3
        at new Promise (<anonymous>)
        at D:\internship\DOT\challenge\stock-api\node_modules\@nestjs\passport\dist\auth.guard.js:80:83
        at JwtAuthGuard.canActivate (D:\internship\DOT\challenge\stock-api\node_modules\@nestjs\passport\dist\auth.guard.js:44:32)
        at processTicksAndRejections (node:internal/process/task_queues:103:5) {
      response: { message: 'Unauthorized', statusCode: 401 },
      status: 401,
      options: {}
    }

      at HttpExceptionFilter.catch (../src/common/filters/http-exception.filter.ts:14:13)

  console.log
    Exception Filter hit: UnauthorizedException: Unauthorized
        at JwtAuthGuard.handleRequest (D:\internship\DOT\challenge\stock-api\node_modules\@nestjs\passport\dist\auth.guard.js:60:30)
        at D:\internship\DOT\challenge\stock-api\node_modules\@nestjs\passport\dist\auth.guard.js:44:124
        at D:\internship\DOT\challenge\stock-api\node_modules\@nestjs\passport\dist\auth.guard.js:83:24
        at allFailed (D:\internship\DOT\challenge\stock-api\node_modules\passport\lib\middleware\authenticate.js:110:18)
        at attempt (D:\internship\DOT\challenge\stock-api\node_modules\passport\lib\middleware\authenticate.js:183:28)
        at JwtStrategy.strategy.fail (D:\internship\DOT\challenge\stock-api\node_modules\passport\lib\middleware\authenticate.js:314:9)
        at D:\internship\DOT\challenge\stock-api\node_modules\passport-jwt\lib\strategy.js:106:33
        at Object.module.exports [as verify] (D:\internship\DOT\challenge\stock-api\node_modules\jsonwebtoken\verify.js:70:12)
        at JwtStrategy.module.exports [as JwtVerifier] (D:\internship\DOT\challenge\stock-api\node_modules\passport-jwt\lib\verify_jwt.js:4:16)
        at D:\internship\DOT\challenge\stock-api\node_modules\passport-jwt\lib\strategy.js:104:25
        at JwtStrategy._secretOrKeyProvider (D:\internship\DOT\challenge\stock-api\node_modules\passport-jwt\lib\strategy.js:40:13)
        at JwtStrategy.authenticate (D:\internship\DOT\challenge\stock-api\node_modules\passport-jwt\lib\strategy.js:99:10)
        at attempt (D:\internship\DOT\challenge\stock-api\node_modules\passport\lib\middleware\authenticate.js:378:16)
        at authenticate (D:\internship\DOT\challenge\stock-api\node_modules\passport\lib\middleware\authenticate.js:379:7)
        at D:\internship\DOT\challenge\stock-api\node_modules\@nestjs\passport\dist\auth.guard.js:88:3
        at new Promise (<anonymous>)
        at D:\internship\DOT\challenge\stock-api\node_modules\@nestjs\passport\dist\auth.guard.js:80:83
        at JwtAuthGuard.canActivate (D:\internship\DOT\challenge\stock-api\node_modules\@nestjs\passport\dist\auth.guard.js:44:32)
        at processTicksAndRejections (node:internal/process/task_queues:103:5) {
      response: { message: 'Unauthorized', statusCode: 401 },
      status: 401,
      options: {}
    }

      at HttpExceptionFilter.catch (../src/common/filters/http-exception.filter.ts:14:13)

  console.log
    Exception Filter hit: UnauthorizedException: Unauthorized
        at JwtAuthGuard.handleRequest (D:\internship\DOT\challenge\stock-api\node_modules\@nestjs\passport\dist\auth.guard.js:60:30)
        at D:\internship\DOT\challenge\stock-api\node_modules\@nestjs\passport\dist\auth.guard.js:44:124
        at D:\internship\DOT\challenge\stock-api\node_modules\@nestjs\passport\dist\auth.guard.js:83:24
        at allFailed (D:\internship\DOT\challenge\stock-api\node_modules\passport\lib\middleware\authenticate.js:110:18)
        at attempt (D:\internship\DOT\challenge\stock-api\node_modules\passport\lib\middleware\authenticate.js:183:28)
        at JwtStrategy.strategy.fail (D:\internship\DOT\challenge\stock-api\node_modules\passport\lib\middleware\authenticate.js:314:9)
        at D:\internship\DOT\challenge\stock-api\node_modules\passport-jwt\lib\strategy.js:106:33
        at Object.module.exports [as verify] (D:\internship\DOT\challenge\stock-api\node_modules\jsonwebtoken\verify.js:70:12)
        at JwtStrategy.module.exports [as JwtVerifier] (D:\internship\DOT\challenge\stock-api\node_modules\passport-jwt\lib\verify_jwt.js:4:16)
        at D:\internship\DOT\challenge\stock-api\node_modules\passport-jwt\lib\strategy.js:104:25
        at JwtStrategy._secretOrKeyProvider (D:\internship\DOT\challenge\stock-api\node_modules\passport-jwt\lib\strategy.js:40:13)
        at JwtStrategy.authenticate (D:\internship\DOT\challenge\stock-api\node_modules\passport-jwt\lib\strategy.js:99:10)
        at attempt (D:\internship\DOT\challenge\stock-api\node_modules\passport\lib\middleware\authenticate.js:378:16)
        at authenticate (D:\internship\DOT\challenge\stock-api\node_modules\passport\lib\middleware\authenticate.js:379:7)
        at D:\internship\DOT\challenge\stock-api\node_modules\@nestjs\passport\dist\auth.guard.js:88:3
        at new Promise (<anonymous>)
        at D:\internship\DOT\challenge\stock-api\node_modules\@nestjs\passport\dist\auth.guard.js:80:83
        at JwtAuthGuard.canActivate (D:\internship\DOT\challenge\stock-api\node_modules\@nestjs\passport\dist\auth.guard.js:44:32)
        at processTicksAndRejections (node:internal/process/task_queues:103:5) {
      response: { message: 'Unauthorized', statusCode: 401 },
      status: 401,
      options: {}
    }

      at HttpExceptionFilter.catch (../src/common/filters/http-exception.filter.ts:14:13)

  console.log
    Exception Filter hit: UnauthorizedException: Unauthorized
        at JwtAuthGuard.handleRequest (D:\internship\DOT\challenge\stock-api\node_modules\@nestjs\passport\dist\auth.guard.js:60:30)
        at D:\internship\DOT\challenge\stock-api\node_modules\@nestjs\passport\dist\auth.guard.js:44:124
        at D:\internship\DOT\challenge\stock-api\node_modules\@nestjs\passport\dist\auth.guard.js:83:24
        at allFailed (D:\internship\DOT\challenge\stock-api\node_modules\passport\lib\middleware\authenticate.js:110:18)
        at attempt (D:\internship\DOT\challenge\stock-api\node_modules\passport\lib\middleware\authenticate.js:183:28)
        at JwtStrategy.strategy.fail (D:\internship\DOT\challenge\stock-api\node_modules\passport\lib\middleware\authenticate.js:314:9)
        at D:\internship\DOT\challenge\stock-api\node_modules\passport-jwt\lib\strategy.js:106:33
        at Object.module.exports [as verify] (D:\internship\DOT\challenge\stock-api\node_modules\jsonwebtoken\verify.js:70:12)
        at JwtStrategy.module.exports [as JwtVerifier] (D:\internship\DOT\challenge\stock-api\node_modules\passport-jwt\lib\verify_jwt.js:4:16)
        at D:\internship\DOT\challenge\stock-api\node_modules\passport-jwt\lib\strategy.js:104:25
        at JwtStrategy._secretOrKeyProvider (D:\internship\DOT\challenge\stock-api\node_modules\passport-jwt\lib\strategy.js:40:13)
        at JwtStrategy.authenticate (D:\internship\DOT\challenge\stock-api\node_modules\passport-jwt\lib\strategy.js:99:10)
        at attempt (D:\internship\DOT\challenge\stock-api\node_modules\passport\lib\middleware\authenticate.js:378:16)
        at authenticate (D:\internship\DOT\challenge\stock-api\node_modules\passport\lib\middleware\authenticate.js:379:7)
        at D:\internship\DOT\challenge\stock-api\node_modules\@nestjs\passport\dist\auth.guard.js:88:3
        at new Promise (<anonymous>)
        at D:\internship\DOT\challenge\stock-api\node_modules\@nestjs\passport\dist\auth.guard.js:80:83
        at JwtAuthGuard.canActivate (D:\internship\DOT\challenge\stock-api\node_modules\@nestjs\passport\dist\auth.guard.js:44:32)
        at processTicksAndRejections (node:internal/process/task_queues:103:5) {
      response: { message: 'Unauthorized', statusCode: 401 },
      status: 401,
      options: {}
    }

      at HttpExceptionFilter.catch (../src/common/filters/http-exception.filter.ts:14:13)

  console.log
    Exception Filter hit: UnauthorizedException: Unauthorized
        at JwtAuthGuard.handleRequest (D:\internship\DOT\challenge\stock-api\node_modules\@nestjs\passport\dist\auth.guard.js:60:30)
        at D:\internship\DOT\challenge\stock-api\node_modules\@nestjs\passport\dist\auth.guard.js:44:124
        at D:\internship\DOT\challenge\stock-api\node_modules\@nestjs\passport\dist\auth.guard.js:83:24
        at allFailed (D:\internship\DOT\challenge\stock-api\node_modules\passport\lib\middleware\authenticate.js:110:18)
        at attempt (D:\internship\DOT\challenge\stock-api\node_modules\passport\lib\middleware\authenticate.js:183:28)
        at JwtStrategy.strategy.fail (D:\internship\DOT\challenge\stock-api\node_modules\passport\lib\middleware\authenticate.js:314:9)
        at D:\internship\DOT\challenge\stock-api\node_modules\passport-jwt\lib\strategy.js:106:33
        at Object.module.exports [as verify] (D:\internship\DOT\challenge\stock-api\node_modules\jsonwebtoken\verify.js:70:12)
        at JwtStrategy.module.exports [as JwtVerifier] (D:\internship\DOT\challenge\stock-api\node_modules\passport-jwt\lib\verify_jwt.js:4:16)
        at D:\internship\DOT\challenge\stock-api\node_modules\passport-jwt\lib\strategy.js:104:25
        at JwtStrategy._secretOrKeyProvider (D:\internship\DOT\challenge\stock-api\node_modules\passport-jwt\lib\strategy.js:40:13)
        at JwtStrategy.authenticate (D:\internship\DOT\challenge\stock-api\node_modules\passport-jwt\lib\strategy.js:99:10)
        at attempt (D:\internship\DOT\challenge\stock-api\node_modules\passport\lib\middleware\authenticate.js:378:16)
        at authenticate (D:\internship\DOT\challenge\stock-api\node_modules\passport\lib\middleware\authenticate.js:379:7)
        at D:\internship\DOT\challenge\stock-api\node_modules\@nestjs\passport\dist\auth.guard.js:88:3
        at new Promise (<anonymous>)
        at D:\internship\DOT\challenge\stock-api\node_modules\@nestjs\passport\dist\auth.guard.js:80:83
        at JwtAuthGuard.canActivate (D:\internship\DOT\challenge\stock-api\node_modules\@nestjs\passport\dist\auth.guard.js:44:32)
        at processTicksAndRejections (node:internal/process/task_queues:103:5) {
      response: { message: 'Unauthorized', statusCode: 401 },
      status: 401,
      options: {}
    }

      at HttpExceptionFilter.catch (../src/common/filters/http-exception.filter.ts:14:13)

  console.log
    Exception Filter hit: UnauthorizedException: Unauthorized
        at JwtAuthGuard.handleRequest (D:\internship\DOT\challenge\stock-api\node_modules\@nestjs\passport\dist\auth.guard.js:60:30)
        at D:\internship\DOT\challenge\stock-api\node_modules\@nestjs\passport\dist\auth.guard.js:44:124
        at D:\internship\DOT\challenge\stock-api\node_modules\@nestjs\passport\dist\auth.guard.js:83:24
        at allFailed (D:\internship\DOT\challenge\stock-api\node_modules\passport\lib\middleware\authenticate.js:110:18)
        at attempt (D:\internship\DOT\challenge\stock-api\node_modules\passport\lib\middleware\authenticate.js:183:28)
        at JwtStrategy.strategy.fail (D:\internship\DOT\challenge\stock-api\node_modules\passport\lib\middleware\authenticate.js:314:9)
        at D:\internship\DOT\challenge\stock-api\node_modules\passport-jwt\lib\strategy.js:106:33
        at Object.module.exports [as verify] (D:\internship\DOT\challenge\stock-api\node_modules\jsonwebtoken\verify.js:70:12)
        at JwtStrategy.module.exports [as JwtVerifier] (D:\internship\DOT\challenge\stock-api\node_modules\passport-jwt\lib\verify_jwt.js:4:16)
        at D:\internship\DOT\challenge\stock-api\node_modules\passport-jwt\lib\strategy.js:104:25
        at JwtStrategy._secretOrKeyProvider (D:\internship\DOT\challenge\stock-api\node_modules\passport-jwt\lib\strategy.js:40:13)
        at JwtStrategy.authenticate (D:\internship\DOT\challenge\stock-api\node_modules\passport-jwt\lib\strategy.js:99:10)
        at attempt (D:\internship\DOT\challenge\stock-api\node_modules\passport\lib\middleware\authenticate.js:378:16)
        at authenticate (D:\internship\DOT\challenge\stock-api\node_modules\passport\lib\middleware\authenticate.js:379:7)
        at D:\internship\DOT\challenge\stock-api\node_modules\@nestjs\passport\dist\auth.guard.js:88:3
        at new Promise (<anonymous>)
        at D:\internship\DOT\challenge\stock-api\node_modules\@nestjs\passport\dist\auth.guard.js:80:83
        at JwtAuthGuard.canActivate (D:\internship\DOT\challenge\stock-api\node_modules\@nestjs\passport\dist\auth.guard.js:44:32)
        at processTicksAndRejections (node:internal/process/task_queues:103:5) {
      response: { message: 'Unauthorized', statusCode: 401 },
      status: 401,
      options: {}
    }

      at HttpExceptionFilter.catch (../src/common/filters/http-exception.filter.ts:14:13)

  console.log
    Exception Filter hit: UnauthorizedException: Unauthorized
        at JwtAuthGuard.handleRequest (D:\internship\DOT\challenge\stock-api\node_modules\@nestjs\passport\dist\auth.guard.js:60:30)
        at D:\internship\DOT\challenge\stock-api\node_modules\@nestjs\passport\dist\auth.guard.js:44:124
        at D:\internship\DOT\challenge\stock-api\node_modules\@nestjs\passport\dist\auth.guard.js:83:24
        at allFailed (D:\internship\DOT\challenge\stock-api\node_modules\passport\lib\middleware\authenticate.js:110:18)
        at attempt (D:\internship\DOT\challenge\stock-api\node_modules\passport\lib\middleware\authenticate.js:183:28)
        at JwtStrategy.strategy.fail (D:\internship\DOT\challenge\stock-api\node_modules\passport\lib\middleware\authenticate.js:314:9)
        at D:\internship\DOT\challenge\stock-api\node_modules\passport-jwt\lib\strategy.js:106:33
        at Object.module.exports [as verify] (D:\internship\DOT\challenge\stock-api\node_modules\jsonwebtoken\verify.js:70:12)
        at JwtStrategy.module.exports [as JwtVerifier] (D:\internship\DOT\challenge\stock-api\node_modules\passport-jwt\lib\verify_jwt.js:4:16)
        at D:\internship\DOT\challenge\stock-api\node_modules\passport-jwt\lib\strategy.js:104:25
        at JwtStrategy._secretOrKeyProvider (D:\internship\DOT\challenge\stock-api\node_modules\passport-jwt\lib\strategy.js:40:13)
        at JwtStrategy.authenticate (D:\internship\DOT\challenge\stock-api\node_modules\passport-jwt\lib\strategy.js:99:10)
        at attempt (D:\internship\DOT\challenge\stock-api\node_modules\passport\lib\middleware\authenticate.js:378:16)
        at authenticate (D:\internship\DOT\challenge\stock-api\node_modules\passport\lib\middleware\authenticate.js:379:7)
        at D:\internship\DOT\challenge\stock-api\node_modules\@nestjs\passport\dist\auth.guard.js:88:3
        at new Promise (<anonymous>)
        at D:\internship\DOT\challenge\stock-api\node_modules\@nestjs\passport\dist\auth.guard.js:80:83
        at JwtAuthGuard.canActivate (D:\internship\DOT\challenge\stock-api\node_modules\@nestjs\passport\dist\auth.guard.js:44:32)
        at processTicksAndRejections (node:internal/process/task_queues:103:5) {
      response: { message: 'Unauthorized', statusCode: 401 },
      status: 401,
      options: {}
    }

      at HttpExceptionFilter.catch (../src/common/filters/http-exception.filter.ts:14:13)

  console.log
    Exception Filter hit: UnauthorizedException: Unauthorized
        at JwtAuthGuard.handleRequest (D:\internship\DOT\challenge\stock-api\node_modules\@nestjs\passport\dist\auth.guard.js:60:30)
        at D:\internship\DOT\challenge\stock-api\node_modules\@nestjs\passport\dist\auth.guard.js:44:124
        at D:\internship\DOT\challenge\stock-api\node_modules\@nestjs\passport\dist\auth.guard.js:83:24
        at allFailed (D:\internship\DOT\challenge\stock-api\node_modules\passport\lib\middleware\authenticate.js:110:18)
        at attempt (D:\internship\DOT\challenge\stock-api\node_modules\passport\lib\middleware\authenticate.js:183:28)
        at JwtStrategy.strategy.fail (D:\internship\DOT\challenge\stock-api\node_modules\passport\lib\middleware\authenticate.js:314:9)
        at D:\internship\DOT\challenge\stock-api\node_modules\passport-jwt\lib\strategy.js:106:33
        at Object.module.exports [as verify] (D:\internship\DOT\challenge\stock-api\node_modules\jsonwebtoken\verify.js:70:12)
        at JwtStrategy.module.exports [as JwtVerifier] (D:\internship\DOT\challenge\stock-api\node_modules\passport-jwt\lib\verify_jwt.js:4:16)
        at D:\internship\DOT\challenge\stock-api\node_modules\passport-jwt\lib\strategy.js:104:25
        at JwtStrategy._secretOrKeyProvider (D:\internship\DOT\challenge\stock-api\node_modules\passport-jwt\lib\strategy.js:40:13)
        at JwtStrategy.authenticate (D:\internship\DOT\challenge\stock-api\node_modules\passport-jwt\lib\strategy.js:99:10)
        at attempt (D:\internship\DOT\challenge\stock-api\node_modules\passport\lib\middleware\authenticate.js:378:16)
        at authenticate (D:\internship\DOT\challenge\stock-api\node_modules\passport\lib\middleware\authenticate.js:379:7)
        at D:\internship\DOT\challenge\stock-api\node_modules\@nestjs\passport\dist\auth.guard.js:88:3
        at new Promise (<anonymous>)
        at D:\internship\DOT\challenge\stock-api\node_modules\@nestjs\passport\dist\auth.guard.js:80:83
        at JwtAuthGuard.canActivate (D:\internship\DOT\challenge\stock-api\node_modules\@nestjs\passport\dist\auth.guard.js:44:32)
        at processTicksAndRejections (node:internal/process/task_queues:103:5) {
      response: { message: 'Unauthorized', statusCode: 401 },
      status: 401,
      options: {}
    }

      at HttpExceptionFilter.catch (../src/common/filters/http-exception.filter.ts:14:13)

  console.log
    Exception Filter hit: UnauthorizedException: Unauthorized
        at JwtAuthGuard.handleRequest (D:\internship\DOT\challenge\stock-api\node_modules\@nestjs\passport\dist\auth.guard.js:60:30)
        at D:\internship\DOT\challenge\stock-api\node_modules\@nestjs\passport\dist\auth.guard.js:44:124
        at D:\internship\DOT\challenge\stock-api\node_modules\@nestjs\passport\dist\auth.guard.js:83:24
        at allFailed (D:\internship\DOT\challenge\stock-api\node_modules\passport\lib\middleware\authenticate.js:110:18)
        at attempt (D:\internship\DOT\challenge\stock-api\node_modules\passport\lib\middleware\authenticate.js:183:28)
        at JwtStrategy.strategy.fail (D:\internship\DOT\challenge\stock-api\node_modules\passport\lib\middleware\authenticate.js:314:9)
        at D:\internship\DOT\challenge\stock-api\node_modules\passport-jwt\lib\strategy.js:106:33
        at Object.module.exports [as verify] (D:\internship\DOT\challenge\stock-api\node_modules\jsonwebtoken\verify.js:70:12)
        at JwtStrategy.module.exports [as JwtVerifier] (D:\internship\DOT\challenge\stock-api\node_modules\passport-jwt\lib\verify_jwt.js:4:16)
        at D:\internship\DOT\challenge\stock-api\node_modules\passport-jwt\lib\strategy.js:104:25
        at JwtStrategy._secretOrKeyProvider (D:\internship\DOT\challenge\stock-api\node_modules\passport-jwt\lib\strategy.js:40:13)
        at JwtStrategy.authenticate (D:\internship\DOT\challenge\stock-api\node_modules\passport-jwt\lib\strategy.js:99:10)
        at attempt (D:\internship\DOT\challenge\stock-api\node_modules\passport\lib\middleware\authenticate.js:378:16)
        at authenticate (D:\internship\DOT\challenge\stock-api\node_modules\passport\lib\middleware\authenticate.js:379:7)
        at D:\internship\DOT\challenge\stock-api\node_modules\@nestjs\passport\dist\auth.guard.js:88:3
        at new Promise (<anonymous>)
        at D:\internship\DOT\challenge\stock-api\node_modules\@nestjs\passport\dist\auth.guard.js:80:83
        at JwtAuthGuard.canActivate (D:\internship\DOT\challenge\stock-api\node_modules\@nestjs\passport\dist\auth.guard.js:44:32)
        at processTicksAndRejections (node:internal/process/task_queues:103:5) {
      response: { message: 'Unauthorized', statusCode: 401 },
      status: 401,
      options: {}
    }

      at HttpExceptionFilter.catch (../src/common/filters/http-exception.filter.ts:14:13)

  console.log
    Exception Filter hit: UnauthorizedException: Unauthorized
        at JwtAuthGuard.handleRequest (D:\internship\DOT\challenge\stock-api\node_modules\@nestjs\passport\dist\auth.guard.js:60:30)
        at D:\internship\DOT\challenge\stock-api\node_modules\@nestjs\passport\dist\auth.guard.js:44:124
        at D:\internship\DOT\challenge\stock-api\node_modules\@nestjs\passport\dist\auth.guard.js:83:24
        at allFailed (D:\internship\DOT\challenge\stock-api\node_modules\passport\lib\middleware\authenticate.js:110:18)
        at attempt (D:\internship\DOT\challenge\stock-api\node_modules\passport\lib\middleware\authenticate.js:183:28)
        at JwtStrategy.strategy.fail (D:\internship\DOT\challenge\stock-api\node_modules\passport\lib\middleware\authenticate.js:314:9)
        at D:\internship\DOT\challenge\stock-api\node_modules\passport-jwt\lib\strategy.js:106:33
        at Object.module.exports [as verify] (D:\internship\DOT\challenge\stock-api\node_modules\jsonwebtoken\verify.js:70:12)
        at JwtStrategy.module.exports [as JwtVerifier] (D:\internship\DOT\challenge\stock-api\node_modules\passport-jwt\lib\verify_jwt.js:4:16)
        at D:\internship\DOT\challenge\stock-api\node_modules\passport-jwt\lib\strategy.js:104:25
        at JwtStrategy._secretOrKeyProvider (D:\internship\DOT\challenge\stock-api\node_modules\passport-jwt\lib\strategy.js:40:13)
        at JwtStrategy.authenticate (D:\internship\DOT\challenge\stock-api\node_modules\passport-jwt\lib\strategy.js:99:10)
        at attempt (D:\internship\DOT\challenge\stock-api\node_modules\passport\lib\middleware\authenticate.js:378:16)
        at authenticate (D:\internship\DOT\challenge\stock-api\node_modules\passport\lib\middleware\authenticate.js:379:7)
        at D:\internship\DOT\challenge\stock-api\node_modules\@nestjs\passport\dist\auth.guard.js:88:3
        at new Promise (<anonymous>)
        at D:\internship\DOT\challenge\stock-api\node_modules\@nestjs\passport\dist\auth.guard.js:80:83
        at JwtAuthGuard.canActivate (D:\internship\DOT\challenge\stock-api\node_modules\@nestjs\passport\dist\auth.guard.js:44:32)
        at processTicksAndRejections (node:internal/process/task_queues:103:5) {
      response: { message: 'Unauthorized', statusCode: 401 },
      status: 401,
      options: {}
    }

      at HttpExceptionFilter.catch (../src/common/filters/http-exception.filter.ts:14:13)

  console.log
    Exception Filter hit: UnauthorizedException: Unauthorized
        at JwtAuthGuard.handleRequest (D:\internship\DOT\challenge\stock-api\node_modules\@nestjs\passport\dist\auth.guard.js:60:30)
        at D:\internship\DOT\challenge\stock-api\node_modules\@nestjs\passport\dist\auth.guard.js:44:124
        at D:\internship\DOT\challenge\stock-api\node_modules\@nestjs\passport\dist\auth.guard.js:83:24
        at allFailed (D:\internship\DOT\challenge\stock-api\node_modules\passport\lib\middleware\authenticate.js:110:18)
        at attempt (D:\internship\DOT\challenge\stock-api\node_modules\passport\lib\middleware\authenticate.js:183:28)
        at JwtStrategy.strategy.fail (D:\internship\DOT\challenge\stock-api\node_modules\passport\lib\middleware\authenticate.js:314:9)
        at D:\internship\DOT\challenge\stock-api\node_modules\passport-jwt\lib\strategy.js:106:33
        at Object.module.exports [as verify] (D:\internship\DOT\challenge\stock-api\node_modules\jsonwebtoken\verify.js:70:12)
        at JwtStrategy.module.exports [as JwtVerifier] (D:\internship\DOT\challenge\stock-api\node_modules\passport-jwt\lib\verify_jwt.js:4:16)
        at D:\internship\DOT\challenge\stock-api\node_modules\passport-jwt\lib\strategy.js:104:25
        at JwtStrategy._secretOrKeyProvider (D:\internship\DOT\challenge\stock-api\node_modules\passport-jwt\lib\strategy.js:40:13)
        at JwtStrategy.authenticate (D:\internship\DOT\challenge\stock-api\node_modules\passport-jwt\lib\strategy.js:99:10)
        at attempt (D:\internship\DOT\challenge\stock-api\node_modules\passport\lib\middleware\authenticate.js:378:16)
        at authenticate (D:\internship\DOT\challenge\stock-api\node_modules\passport\lib\middleware\authenticate.js:379:7)
        at D:\internship\DOT\challenge\stock-api\node_modules\@nestjs\passport\dist\auth.guard.js:88:3
        at new Promise (<anonymous>)
        at D:\internship\DOT\challenge\stock-api\node_modules\@nestjs\passport\dist\auth.guard.js:80:83
        at JwtAuthGuard.canActivate (D:\internship\DOT\challenge\stock-api\node_modules\@nestjs\passport\dist\auth.guard.js:44:32)
        at processTicksAndRejections (node:internal/process/task_queues:103:5) {
      response: { message: 'Unauthorized', statusCode: 401 },
      status: 401,
      options: {}
    }

      at HttpExceptionFilter.catch (../src/common/filters/http-exception.filter.ts:14:13)

  console.log
    Exception Filter hit: UnauthorizedException: Unauthorized
        at JwtAuthGuard.handleRequest (D:\internship\DOT\challenge\stock-api\node_modules\@nestjs\passport\dist\auth.guard.js:60:30)
        at D:\internship\DOT\challenge\stock-api\node_modules\@nestjs\passport\dist\auth.guard.js:44:124
        at D:\internship\DOT\challenge\stock-api\node_modules\@nestjs\passport\dist\auth.guard.js:83:24
        at allFailed (D:\internship\DOT\challenge\stock-api\node_modules\passport\lib\middleware\authenticate.js:110:18)
        at attempt (D:\internship\DOT\challenge\stock-api\node_modules\passport\lib\middleware\authenticate.js:183:28)
        at JwtStrategy.strategy.fail (D:\internship\DOT\challenge\stock-api\node_modules\passport\lib\middleware\authenticate.js:314:9)
        at D:\internship\DOT\challenge\stock-api\node_modules\passport-jwt\lib\strategy.js:106:33
        at Object.module.exports [as verify] (D:\internship\DOT\challenge\stock-api\node_modules\jsonwebtoken\verify.js:70:12)
        at JwtStrategy.module.exports [as JwtVerifier] (D:\internship\DOT\challenge\stock-api\node_modules\passport-jwt\lib\verify_jwt.js:4:16)
        at D:\internship\DOT\challenge\stock-api\node_modules\passport-jwt\lib\strategy.js:104:25
        at JwtStrategy._secretOrKeyProvider (D:\internship\DOT\challenge\stock-api\node_modules\passport-jwt\lib\strategy.js:40:13)
        at JwtStrategy.authenticate (D:\internship\DOT\challenge\stock-api\node_modules\passport-jwt\lib\strategy.js:99:10)
        at attempt (D:\internship\DOT\challenge\stock-api\node_modules\passport\lib\middleware\authenticate.js:378:16)
        at authenticate (D:\internship\DOT\challenge\stock-api\node_modules\passport\lib\middleware\authenticate.js:379:7)
        at D:\internship\DOT\challenge\stock-api\node_modules\@nestjs\passport\dist\auth.guard.js:88:3
        at new Promise (<anonymous>)
        at D:\internship\DOT\challenge\stock-api\node_modules\@nestjs\passport\dist\auth.guard.js:80:83
        at JwtAuthGuard.canActivate (D:\internship\DOT\challenge\stock-api\node_modules\@nestjs\passport\dist\auth.guard.js:44:32)
        at processTicksAndRejections (node:internal/process/task_queues:103:5) {
      response: { message: 'Unauthorized', statusCode: 401 },
      status: 401,
      options: {}
    }

      at HttpExceptionFilter.catch (../src/common/filters/http-exception.filter.ts:14:13)

node.exe : FAIL test/app.e2e-spec.ts
At line:1 char:1
+ & "C:\nvm4w\nodejs/node.exe" 
"C:\nvm4w\nodejs/node_modules/npm/bin/np ...
+ ~~~~~~~~~~~~~~~~~~~~~~~~~~~~~~~~~~~~~~~~~~~~~~~~~~~~
~~~~~~~~~~~~~~~~~
    + CategoryInfo          : NotSpecified: (FAIL tes 
   t/app.e2e-spec.ts:String) [], RemoteException
    + FullyQualifiedErrorId : NativeCommandError
 
  Stock Trading API (e2e)
    Auth Flow
      ├ù POST /auth/register - should register a new 
user with wallet (471 ms)
      ΓêÜ POST /auth/register - should reject 
duplicate email (33 ms)
      ├ù POST /auth/login - should login and return 
JWT (146 ms)
      ΓêÜ POST /auth/login - should fail with wrong 
password (143 ms)
    Stocks CRUD
      ├ù POST /stocks - should create a new stock (23 
ms)
      ├ù GET /stocks - should list all stocks (15 ms)
      ├ù PATCH /stocks/:symbol - should update stock 
details (15 ms)
      ΓêÜ GET /stocks - should require authentication 
(13 ms)
    Watchlist CRUD Flow
      ├ù POST /watchlist - should add stock to 
watchlist (13 ms)
      ├ù POST /watchlist - should reject duplicate 
watchlist entry (12 ms)
      ├ù GET /watchlist - should return user 
watchlist (11 ms)
      ├ù PATCH /watchlist/:id - should update target 
price (14 ms)
      ├ù DELETE /watchlist/:id - should remove from 
watchlist (11 ms)
    Trading Flow
      ├ù GET /portfolio - should show wallet balance 
and empty portfolio (12 ms)
      ├ù POST /trade/buy - should execute buy order 
successfully (14 ms)
      ├ù POST /trade/buy - should reject when 
insufficient balance (12 ms)
      ├ù POST /trade/sell - should execute sell order 
successfully (17 ms)
      ├ù POST /trade/sell - should reject when 
insufficient shares (10 ms)
      ├ù POST /trade/buy - should reject for 
non-existent stock (13 ms)
    Soft Delete Stock
      ├ù DELETE /stocks/:symbol - should soft delete 
stock (10 ms)

  ΓùÅ Stock Trading API (e2e) ΓÇ║ Auth Flow ΓÇ║ POST 
/auth/register - should register a new user with 
wallet

    expect(received).toBe(expected) // Object.is 
equality

    Expected: "test@example.com"
    Received: undefined

    [0m [90m 81 |[39m       expect(response[33m.[
39mbody[33m.[39mmessage)[33m.[39mtoBeDefined()[33
m;[39m
     [90m 82 |[39m       expect(response[33m.[39mb
ody[33m.[39mdata)[33m.[39mtoBeDefined()[33m;[39m
    [31m[1m>[22m[39m[90m 83 |[39m       expect(r
esponse[33m.[39mbody[33m.[39mdata[33m.[39memail)
[33m.[39mtoBe(testUser[33m.[39memail)[33m;[39m
     [90m    |[39m                                  
      [31m[1m^[22m[39m
     [90m 84 |[39m       expect(response[33m.[39mb
ody[33m.[39mdata[33m.[39mfull_name)[33m.[39mtoBe
(testUser[33m.[39mfull_name)[33m;[39m
     [90m 85 |[39m       
expect(wallet)[33m.[39mtoBeDefined()[33m;[39m
     [90m 86 |[39m       expect([33mNumber[39m(wal
let[33m.[39mbalance))[33m.[39mtoBe([35m0[39m)[3
3m;[39m[0m

      at Object.<anonymous> (app.e2e-spec.ts:83:40)

  ΓùÅ Stock Trading API (e2e) ΓÇ║ Auth Flow ΓÇ║ POST 
/auth/login - should login and return JWT

    expect(received).toBeDefined()

    Received: undefined

    [0m [90m 105 |[39m       expect(response[33m.
[39mbody[33m.[39mstatusCode)[33m.[39mtoBe([35m200
[39m)[33m;[39m
     [90m 106 |[39m       expect(response[33m.[39m
body[33m.[39mdata)[33m.[39mtoBeDefined()[33m;[39
m
    [31m[1m>[22m[39m[90m 107 |[39m       expect(
response[33m.[39mbody[33m.[39mdata[33m.[39macces
sToken)[33m.[39mtoBeDefined()[33m;[39m
     [90m     |[39m                                 
             [31m[1m^[22m[39m
     [90m 108 |[39m       accessToken [33m=[39m re
sponse[33m.[39mbody[33m.[39mdata[33m.[39maccessT
oken[33m;[39m
     [90m 109 |[39m     })[33m;[39m
     [90m 110 |[39m[0m

      at Object.<anonymous> (app.e2e-spec.ts:107:46)

  ΓùÅ Stock Trading API (e2e) ΓÇ║ Stocks CRUD ΓÇ║ 
POST /stocks - should create a new stock

    expected 201 "Created", got 401 "Unauthorized"

    [0m [90m 126 |[39m         [33m.[39m[36mset
[39m([32m'Authorization'[39m[33m,[39m 
[32m`Bearer ${accessToken}`[39m)
     [90m 127 |[39m         
[33m.[39msend(testStock)
    [31m[1m>[22m[39m[90m 128 |[39m         
[33m.[39mexpect([35m201[39m)[33m;[39m
     [90m     |[39m          [31m[1m^[22m[39m
     [90m 129 |[39m
     [90m 130 |[39m       expect(response[33m.[39m
body[33m.[39mstatusCode)[33m.[39mtoBe([35m201[39
m)[33m;[39m
     [90m 131 |[39m       expect(response[33m.[39m
body[33m.[39mdata)[33m.[39mtoBeDefined()[33m;[39
m[0m

      at Object.<anonymous> (app.e2e-spec.ts:128:10)
      ----
      at Test._assertStatus 
(../node_modules/supertest/lib/test.js:309:14)
      at ../node_modules/supertest/lib/test.js:365:13
      at Test._assertFunction 
(../node_modules/supertest/lib/test.js:342:13)
      at Test.assert 
(../node_modules/supertest/lib/test.js:195:23)
      at localAssert 
(../node_modules/supertest/lib/test.js:138:14)
      at Server.<anonymous> 
(../node_modules/supertest/lib/test.js:152:11)

  ΓùÅ Stock Trading API (e2e) ΓÇ║ Stocks CRUD ΓÇ║ GET 
/stocks - should list all stocks

    expected 200 "OK", got 401 "Unauthorized"

    [0m [90m 138 |[39m         
[33m.[39m[36mget[39m([32m'/stocks'[39m)
     [90m 139 |[39m         [33m.[39m[36mset[39m
([32m'Authorization'[39m[33m,[39m [32m`Bearer 
${accessToken}`[39m)
    [31m[1m>[22m[39m[90m 140 |[39m         
[33m.[39mexpect([35m200[39m)[33m;[39m
     [90m     |[39m          [31m[1m^[22m[39m
     [90m 141 |[39m
     [90m 142 |[39m       expect(response[33m.[39m
body[33m.[39mstatusCode)[33m.[39mtoBe([35m200[39
m)[33m;[39m
     [90m 143 |[39m       expect([33mArray[39m[33
m.[39misArray(response[33m.[39mbody[33m.[39mdata)
)[33m.[39mtoBe([36mtrue[39m)[33m;[39m[0m

      at Object.<anonymous> (app.e2e-spec.ts:140:10)
      ----
      at Test._assertStatus 
(../node_modules/supertest/lib/test.js:309:14)
      at ../node_modules/supertest/lib/test.js:365:13
      at Test._assertFunction 
(../node_modules/supertest/lib/test.js:342:13)
      at Test.assert 
(../node_modules/supertest/lib/test.js:195:23)
      at localAssert 
(../node_modules/supertest/lib/test.js:138:14)
      at Server.<anonymous> 
(../node_modules/supertest/lib/test.js:152:11)

  ΓùÅ Stock Trading API (e2e) ΓÇ║ Stocks CRUD ΓÇ║ 
PATCH /stocks/:symbol - should update stock details

    expected 200 "OK", got 401 "Unauthorized"

    [0m [90m 150 |[39m         [33m.[39m[36mset
[39m([32m'Authorization'[39m[33m,[39m 
[32m`Bearer ${accessToken}`[39m)
     [90m 151 |[39m         [33m.[39msend({ 
current_price[33m:[39m [35m10000[39m })
    [31m[1m>[22m[39m[90m 152 |[39m         
[33m.[39mexpect([35m200[39m)[33m;[39m
     [90m     |[39m          [31m[1m^[22m[39m
     [90m 153 |[39m
     [90m 154 |[39m       expect(response[33m.[39m
body[33m.[39mstatusCode)[33m.[39mtoBe([35m200[39
m)[33m;[39m
     [90m 155 |[39m       expect([33mNumber[39m(re
sponse[33m.[39mbody[33m.[39mdata[33m.[39mcurrent
Price))[33m.[39mtoBe([35m10000[39m)[33m;[39m[0m

      at Object.<anonymous> (app.e2e-spec.ts:152:10)
      ----
      at Test._assertStatus 
(../node_modules/supertest/lib/test.js:309:14)
      at ../node_modules/supertest/lib/test.js:365:13
      at Test._assertFunction 
(../node_modules/supertest/lib/test.js:342:13)
      at Test.assert 
(../node_modules/supertest/lib/test.js:195:23)
      at localAssert 
(../node_modules/supertest/lib/test.js:138:14)
      at Server.<anonymous> 
(../node_modules/supertest/lib/test.js:152:11)

  ΓùÅ Stock Trading API (e2e) ΓÇ║ Watchlist CRUD Flow 
ΓÇ║ POST /watchlist - should add stock to watchlist

    expected 201 "Created", got 401 "Unauthorized"

    [0m [90m 171 |[39m           notes[33m:[39m 
[32m'Target untuk Q2'[39m[33m,[39m
     [90m 172 |[39m         })
    [31m[1m>[22m[39m[90m 173 |[39m         
[33m.[39mexpect([35m201[39m)[33m;[39m
     [90m     |[39m          [31m[1m^[22m[39m
     [90m 174 |[39m
     [90m 175 |[39m       expect(response[33m.[39m
body[33m.[39mstatusCode)[33m.[39mtoBe([35m201[39
m)[33m;[39m
     [90m 176 |[39m       expect(response[33m.[39m
body[33m.[39mdata[33m.[39mstockSymbol)[33m.[39mt
oBe(testStock[33m.[39msymbol)[33m;[39m[0m

      at Object.<anonymous> (app.e2e-spec.ts:173:10)
      ----
      at Test._assertStatus 
(../node_modules/supertest/lib/test.js:309:14)
      at ../node_modules/supertest/lib/test.js:365:13
      at Test._assertFunction 
(../node_modules/supertest/lib/test.js:342:13)
      at Test.assert 
(../node_modules/supertest/lib/test.js:195:23)
      at localAssert 
(../node_modules/supertest/lib/test.js:138:14)
      at Server.<anonymous> 
(../node_modules/supertest/lib/test.js:152:11)

  ΓùÅ Stock Trading API (e2e) ΓÇ║ Watchlist CRUD Flow 
ΓÇ║ POST /watchlist - should reject duplicate 
watchlist entry

    expected 409 "Conflict", got 401 "Unauthorized"

    [0m [90m 187 |[39m           
target_price[33m:[39m [35m12000[39m[33m,[39m
     [90m 188 |[39m         })
    [31m[1m>[22m[39m[90m 189 |[39m         
[33m.[39mexpect([35m409[39m)[33m;[39m
     [90m     |[39m          [31m[1m^[22m[39m
     [90m 190 |[39m     })[33m;[39m
     [90m 191 |[39m
     [90m 192 |[39m     it([32m'GET /watchlist - 
should return user watchlist'[39m[33m,[39m 
[36masync[39m () [33m=>[39m {[0m

      at Object.<anonymous> (app.e2e-spec.ts:189:10)
      ----
      at Test._assertStatus 
(../node_modules/supertest/lib/test.js:309:14)
      at ../node_modules/supertest/lib/test.js:365:13
      at Test._assertFunction 
(../node_modules/supertest/lib/test.js:342:13)
      at Test.assert 
(../node_modules/supertest/lib/test.js:195:23)
      at localAssert 
(../node_modules/supertest/lib/test.js:138:14)
      at Server.<anonymous> 
(../node_modules/supertest/lib/test.js:152:11)

  ΓùÅ Stock Trading API (e2e) ΓÇ║ Watchlist CRUD Flow 
ΓÇ║ GET /watchlist - should return user watchlist

    expected 200 "OK", got 401 "Unauthorized"

    [0m [90m 194 |[39m         
[33m.[39m[36mget[39m([32m'/watchlist'[39m)
     [90m 195 |[39m         [33m.[39m[36mset[39m
([32m'Authorization'[39m[33m,[39m [32m`Bearer 
${accessToken}`[39m)
    [31m[1m>[22m[39m[90m 196 |[39m         
[33m.[39mexpect([35m200[39m)[33m;[39m
     [90m     |[39m          [31m[1m^[22m[39m
     [90m 197 |[39m
     [90m 198 |[39m       expect(response[33m.[39m
body[33m.[39mstatusCode)[33m.[39mtoBe([35m200[39
m)[33m;[39m
     [90m 199 |[39m       expect([33mArray[39m[33
m.[39misArray(response[33m.[39mbody[33m.[39mdata)
)[33m.[39mtoBe([36mtrue[39m)[33m;[39m[0m

      at Object.<anonymous> (app.e2e-spec.ts:196:10)
      ----
      at Test._assertStatus 
(../node_modules/supertest/lib/test.js:309:14)
      at ../node_modules/supertest/lib/test.js:365:13
      at Test._assertFunction 
(../node_modules/supertest/lib/test.js:342:13)
      at Test.assert 
(../node_modules/supertest/lib/test.js:195:23)
      at localAssert 
(../node_modules/supertest/lib/test.js:138:14)
      at Server.<anonymous> 
(../node_modules/supertest/lib/test.js:152:11)

  ΓùÅ Stock Trading API (e2e) ΓÇ║ Watchlist CRUD Flow 
ΓÇ║ PATCH /watchlist/:id - should update target price

    expected 200 "OK", got 401 "Unauthorized"

    [0m [90m 207 |[39m         [33m.[39m[36mset
[39m([32m'Authorization'[39m[33m,[39m 
[32m`Bearer ${accessToken}`[39m)
     [90m 208 |[39m         [33m.[39msend({ 
target_price[33m:[39m [35m12000[39m[33m,[39m 
notes[33m:[39m [32m'Updated notes'[39m })
    [31m[1m>[22m[39m[90m 209 |[39m         
[33m.[39mexpect([35m200[39m)[33m;[39m
     [90m     |[39m          [31m[1m^[22m[39m
     [90m 210 |[39m
     [90m 211 |[39m       expect(response[33m.[39m
body[33m.[39mstatusCode)[33m.[39mtoBe([35m200[39
m)[33m;[39m
     [90m 212 |[39m       expect([33mNumber[39m(re
sponse[33m.[39mbody[33m.[39mdata[33m.[39mtargetP
rice))[33m.[39mtoBe([35m12000[39m)[33m;[39m[0m

      at Object.<anonymous> (app.e2e-spec.ts:209:10)
      ----
      at Test._assertStatus 
(../node_modules/supertest/lib/test.js:309:14)
      at ../node_modules/supertest/lib/test.js:365:13
      at Test._assertFunction 
(../node_modules/supertest/lib/test.js:342:13)
      at Test.assert 
(../node_modules/supertest/lib/test.js:195:23)
      at localAssert 
(../node_modules/supertest/lib/test.js:138:14)
      at Server.<anonymous> 
(../node_modules/supertest/lib/test.js:152:11)

  ΓùÅ Stock Trading API (e2e) ΓÇ║ Watchlist CRUD Flow 
ΓÇ║ DELETE /watchlist/:id - should remove from 
watchlist

    expected 200 "OK", got 401 "Unauthorized"

    [0m [90m 218 |[39m         [33m.[39m[36mdele
te[39m([32m`/watchlist/${watchlistId}`[39m)
     [90m 219 |[39m         [33m.[39m[36mset[39m
([32m'Authorization'[39m[33m,[39m [32m`Bearer 
${accessToken}`[39m)
    [31m[1m>[22m[39m[90m 220 |[39m         
[33m.[39mexpect([35m200[39m)[33m;[39m
     [90m     |[39m          [31m[1m^[22m[39m
     [90m 221 |[39m
     [90m 222 |[39m       [36mconst[39m response 
[33m=[39m [36mawait[39m 
request(app[33m.[39mgetHttpServer())
     [90m 223 |[39m         
[33m.[39m[36mget[39m([32m'/watchlist'[39m)[0m

      at Object.<anonymous> (app.e2e-spec.ts:220:10)
      ----
      at Test._assertStatus 
(../node_modules/supertest/lib/test.js:309:14)
      at ../node_modules/supertest/lib/test.js:365:13
      at Test._assertFunction 
(../node_modules/supertest/lib/test.js:342:13)
      at Test.assert 
(../node_modules/supertest/lib/test.js:195:23)
      at localAssert 
(../node_modules/supertest/lib/test.js:138:14)
      at Server.<anonymous> 
(../node_modules/supertest/lib/test.js:152:11)

  ΓùÅ Stock Trading API (e2e) ΓÇ║ Trading Flow ΓÇ║ 
GET /portfolio - should show wallet balance and empty 
portfolio

    expected 200 "OK", got 401 "Unauthorized"

    [0m [90m 244 |[39m         
[33m.[39m[36mget[39m([32m'/portfolio'[39m)
     [90m 245 |[39m         [33m.[39m[36mset[39m
([32m'Authorization'[39m[33m,[39m [32m`Bearer 
${accessToken}`[39m)
    [31m[1m>[22m[39m[90m 246 |[39m         
[33m.[39mexpect([35m200[39m)[33m;[39m
     [90m     |[39m          [31m[1m^[22m[39m
     [90m 247 |[39m
     [90m 248 |[39m       expect(response[33m.[39m
body[33m.[39mstatusCode)[33m.[39mtoBe([35m200[39
m)[33m;[39m
     [90m 249 |[39m       expect([33mNumber[39m(re
sponse[33m.[39mbody[33m.[39mdata[33m.[39mbalance
))[33m.[39mtoBe([35m100000[39m)[33m;[39m[0m

      at Object.<anonymous> (app.e2e-spec.ts:246:10)
      ----
      at Test._assertStatus 
(../node_modules/supertest/lib/test.js:309:14)
      at ../node_modules/supertest/lib/test.js:365:13
      at Test._assertFunction 
(../node_modules/supertest/lib/test.js:342:13)
      at Test.assert 
(../node_modules/supertest/lib/test.js:195:23)
      at localAssert 
(../node_modules/supertest/lib/test.js:138:14)
      at Server.<anonymous> 
(../node_modules/supertest/lib/test.js:152:11)

  ΓùÅ Stock Trading API (e2e) ΓÇ║ Trading Flow ΓÇ║ 
POST /trade/buy - should execute buy order 
successfully

    expected 201 "Created", got 401 "Unauthorized"

    [0m [90m 259 |[39m           
quantity[33m:[39m [35m5[39m[33m,[39m
     [90m 260 |[39m         })
    [31m[1m>[22m[39m[90m 261 |[39m         
[33m.[39mexpect([35m201[39m)[33m;[39m
     [90m     |[39m          [31m[1m^[22m[39m
     [90m 262 |[39m
     [90m 263 |[39m       expect(response[33m.[39m
body[33m.[39mstatusCode)[33m.[39mtoBe([35m201[39
m)[33m;[39m
     [90m 264 |[39m       expect(response[33m.[39m
body[33m.[39mmessage)[33m.[39mtoBe([32m'Transacti
on completed successfully'[39m)[33m;[39m[0m

      at Object.<anonymous> (app.e2e-spec.ts:261:10)
      ----
      at Test._assertStatus 
(../node_modules/supertest/lib/test.js:309:14)
      at ../node_modules/supertest/lib/test.js:365:13
      at Test._assertFunction 
(../node_modules/supertest/lib/test.js:342:13)
      at Test.assert 
(../node_modules/supertest/lib/test.js:195:23)
      at localAssert 
(../node_modules/supertest/lib/test.js:138:14)
      at Server.<anonymous> 
(../node_modules/supertest/lib/test.js:152:11)

  ΓùÅ Stock Trading API (e2e) ΓÇ║ Trading Flow ΓÇ║ 
POST /trade/buy - should reject when insufficient 
balance

    expected 400 "Bad Request", got 401 "Unauthorized"

    [0m [90m 284 |[39m           
quantity[33m:[39m [35m100[39m[33m,[39m [90m// 
100 * 10000 = 1,000,000 > 50,000 available[39m
     [90m 285 |[39m         })
    [31m[1m>[22m[39m[90m 286 |[39m         
[33m.[39mexpect([35m400[39m)[33m;[39m
     [90m     |[39m          [31m[1m^[22m[39m
     [90m 287 |[39m
     [90m 288 |[39m       expect(response[33m.[39m
body[33m.[39mmessage)[33m.[39mtoBe([32m'Insuffici
ent balance'[39m)[33m;[39m
     [90m 289 |[39m[0m

      at Object.<anonymous> (app.e2e-spec.ts:286:10)
      ----
      at Test._assertStatus 
(../node_modules/supertest/lib/test.js:309:14)
      at ../node_modules/supertest/lib/test.js:365:13
      at Test._assertFunction 
(../node_modules/supertest/lib/test.js:342:13)
      at Test.assert 
(../node_modules/supertest/lib/test.js:195:23)
      at localAssert 
(../node_modules/supertest/lib/test.js:138:14)
      at Server.<anonymous> 
(../node_modules/supertest/lib/test.js:152:11)

  ΓùÅ Stock Trading API (e2e) ΓÇ║ Trading Flow ΓÇ║ 
POST /trade/sell - should execute sell order 
successfully

    expected 201 "Created", got 401 "Unauthorized"

    [0m [90m 304 |[39m           
quantity[33m:[39m [35m2[39m[33m,[39m
     [90m 305 |[39m         })
    [31m[1m>[22m[39m[90m 306 |[39m         
[33m.[39mexpect([35m201[39m)[33m;[39m
     [90m     |[39m          [31m[1m^[22m[39m
     [90m 307 |[39m
     [90m 308 |[39m       expect(response[33m.[39m
body[33m.[39mstatusCode)[33m.[39mtoBe([35m201[39
m)[33m;[39m
     [90m 309 |[39m       expect(response[33m.[39m
body[33m.[39mmessage)[33m.[39mtoBe([32m'Transacti
on completed successfully'[39m)[33m;[39m[0m

      at Object.<anonymous> (app.e2e-spec.ts:306:10)
      ----
      at Test._assertStatus 
(../node_modules/supertest/lib/test.js:309:14)
      at ../node_modules/supertest/lib/test.js:365:13
      at Test._assertFunction 
(../node_modules/supertest/lib/test.js:342:13)
      at Test.assert 
(../node_modules/supertest/lib/test.js:195:23)
      at localAssert 
(../node_modules/supertest/lib/test.js:138:14)
      at Server.<anonymous> 
(../node_modules/supertest/lib/test.js:152:11)

  ΓùÅ Stock Trading API (e2e) ΓÇ║ Trading Flow ΓÇ║ 
POST /trade/sell - should reject when insufficient 
shares

    expected 400 "Bad Request", got 401 "Unauthorized"

    [0m [90m 328 |[39m           
quantity[33m:[39m [35m100[39m[33m,[39m [90m// 
More than 3 shares owned[39m
     [90m 329 |[39m         })
    [31m[1m>[22m[39m[90m 330 |[39m         
[33m.[39mexpect([35m400[39m)[33m;[39m
     [90m     |[39m          [31m[1m^[22m[39m
     [90m 331 |[39m
     [90m 332 |[39m       expect(response[33m.[39m
body[33m.[39mmessage)[33m.[39mtoBe([32m'Insuffici
ent stock shares'[39m)[33m;[39m
     [90m 333 |[39m     })[33m;[39m[0m

      at Object.<anonymous> (app.e2e-spec.ts:330:10)
      ----
      at Test._assertStatus 
(../node_modules/supertest/lib/test.js:309:14)
      at ../node_modules/supertest/lib/test.js:365:13
      at Test._assertFunction 
(../node_modules/supertest/lib/test.js:342:13)
      at Test.assert 
(../node_modules/supertest/lib/test.js:195:23)
      at localAssert 
(../node_modules/supertest/lib/test.js:138:14)
      at Server.<anonymous> 
(../node_modules/supertest/lib/test.js:152:11)

  ΓùÅ Stock Trading API (e2e) ΓÇ║ Trading Flow ΓÇ║ 
POST /trade/buy - should reject for non-existent stock

    expected 404 "Not Found", got 401 "Unauthorized"

    [0m [90m 341 |[39m           
quantity[33m:[39m [35m1[39m[33m,[39m
     [90m 342 |[39m         })
    [31m[1m>[22m[39m[90m 343 |[39m         
[33m.[39mexpect([35m404[39m)[33m;[39m
     [90m     |[39m          [31m[1m^[22m[39m
     [90m 344 |[39m     })[33m;[39m
     [90m 345 |[39m   })[33m;[39m
     [90m 346 |[39m[0m

      at Object.<anonymous> (app.e2e-spec.ts:343:10)
      ----
      at Test._assertStatus 
(../node_modules/supertest/lib/test.js:309:14)
      at ../node_modules/supertest/lib/test.js:365:13
      at Test._assertFunction 
(../node_modules/supertest/lib/test.js:342:13)
      at Test.assert 
(../node_modules/supertest/lib/test.js:195:23)
      at localAssert 
(../node_modules/supertest/lib/test.js:138:14)
      at Server.<anonymous> 
(../node_modules/supertest/lib/test.js:152:11)

  ΓùÅ Stock Trading API (e2e) ΓÇ║ Soft Delete Stock 
ΓÇ║ DELETE /stocks/:symbol - should soft delete stock

    expected 200 "OK", got 401 "Unauthorized"

    [0m [90m 350 |[39m         [33m.[39m[36mdele
te[39m([32m`/stocks/${testStock.symbol}`[39m)
     [90m 351 |[39m         [33m.[39m[36mset[39m
([32m'Authorization'[39m[33m,[39m [32m`Bearer 
${accessToken}`[39m)
    [31m[1m>[22m[39m[90m 352 |[39m         
[33m.[39mexpect([35m200[39m)[33m;[39m
     [90m     |[39m          [31m[1m^[22m[39m
     [90m 353 |[39m
     [90m 354 |[39m       [36mconst[39m response 
[33m=[39m [36mawait[39m 
request(app[33m.[39mgetHttpServer())
     [90m 355 |[39m         
[33m.[39m[36mget[39m([32m'/stocks'[39m)[0m

      at Object.<anonymous> (app.e2e-spec.ts:352:10)
      ----
      at Test._assertStatus 
(../node_modules/supertest/lib/test.js:309:14)
      at ../node_modules/supertest/lib/test.js:365:13
      at Test._assertFunction 
(../node_modules/supertest/lib/test.js:342:13)
      at Test.assert 
(../node_modules/supertest/lib/test.js:195:23)
      at localAssert 
(../node_modules/supertest/lib/test.js:138:14)
      at Server.<anonymous> 
(../node_modules/supertest/lib/test.js:152:11)

Test Suites: 1 failed, 1 total
Tests:       17 failed, 3 passed, 20 total
Snapshots:   0 total
Time:        4.156 s
Ran all test suites.
Jest did not exit one second after the test run has 
completed.

'This usually means that there are asynchronous 
operations that weren't stopped in your tests. 
Consider running Jest with `--detectOpenHandles` to 
troubleshoot this issue.
